11:20:03 **** Incremental Build of configuration Debug for project Ex2 ****
make -j8 all 
arm-none-eabi-gcc "../Core/Src/main.c" -mcpu=cortex-m3 -std=gnu11 -g3 -DDEBUG -DUSE_HAL_DRIVER -DSTM32F103x6 -c -I../Core/Inc -I../Drivers/STM32F1xx_HAL_Driver/Inc -I../Drivers/STM32F1xx_HAL_Driver/Inc/Legacy -I../Drivers/CMSIS/Device/ST/STM32F1xx/Include -I../Drivers/CMSIS/Include -O0 -ffunction-sections -fdata-sections -Wall -fstack-usage -MMD -MP -MF"Core/Src/main.d" -MT"Core/Src/main.o" --specs=nano.specs -mfloat-abi=soft -mthumb -o "Core/Src/main.o"
arm-none-eabi-gcc -o "Ex2.elf" @"objects.list"   -mcpu=cortex-m3 -T"D:\BACH KHOA\Semester 5\Vi Xu Ly\LAB2\Ex2\Ex2\STM32F103C6UX_FLASH.ld" --specs=nosys.specs -Wl,-Map="Ex2.map" -Wl,--gc-sections -static --specs=nano.specs -mfloat-abi=soft -mthumb -Wl,--start-group -lc -lm -Wl,--end-group
Finished building target: Ex2.elf
 
arm-none-eabi-size   Ex2.elf 
arm-none-eabi-objdump -h -S  Ex2.elf  > "Ex2.list"
arm-none-eabi-objcopy  -O ihex  Ex2.elf  "Ex2.hex"
   text	   data	    bss	    dec	    hex	filename
   7224	     28	   1644	   8896	   22c0	Ex2.elf
arm-none-eabi-objcopy  -O binary  Ex2.elf  "Ex2.bin"
Finished building: default.size.stdout
 
Finished building: Ex2.hex
Finished building: Ex2.bin
 
Finished building: Ex2.list
 
 

11:20:03 Build Finished. 0 errors, 0 warnings. (took 600ms)

